[2026-01-09T14:34:06.081Z] [INFO] [SessionMgr] Created session for descargasdd.org (TTL: 30m)
[2026-01-09T14:34:54.328Z] [INFO] [SessionMgr] Created session for descargasdd.org (TTL: 30m)
[2026-01-09T14:36:44.018Z] [INFO] [SessionMgr] Created session for descargasdd.org (TTL: 30m)
[2026-01-09T14:36:49.260Z] [INFO] [SessionMgr] Reusing session for descargasdd.org (age: 5s / TTL: 30m)
[2026-01-09T14:38:40.714Z] [INFO] [SessionMgr] Reusing session for descargasdd.org (age: 117s / TTL: 30m)
[2026-01-09T14:38:47.323Z] [INFO] [SessionMgr] Created session for descargasdd.org (TTL: 30m)
[2026-01-09T14:39:32.731Z] [INFO] [SessionMgr] Reusing session for descargasdd.org (age: 45s / TTL: 30m)
[2026-01-09T14:39:48.983Z] [INFO] [SessionMgr] Reusing session for descargasdd.org (age: 62s / TTL: 30m)
[2026-01-09T14:40:07.024Z] [INFO] [SessionMgr] Reusing session for descargasdd.org (age: 80s / TTL: 30m)
[2026-01-09T14:41:33.810Z] [INFO] [SessionMgr] Created session for descargasdd.org (TTL: 30m)
[2026-01-09T14:42:01.086Z] [INFO] [SessionMgr] Created session for descargasdd.org (TTL: 30m)
[2026-01-09T14:42:26.209Z] [INFO] [SessionMgr] Reusing session for descargasdd.org (age: 25s / TTL: 30m)
[2026-01-09T14:42:58.225Z] [INFO] [SessionMgr] Created session for descargasdd.org (TTL: 30m)
[2026-01-09T14:43:27.554Z] [INFO] [SessionMgr] Reusing session for descargasdd.org (age: 29s / TTL: 30m)
[2026-01-09T14:51:35.979Z] [INFO] [SessionMgr] Created session for descargasdd.org (TTL: 30m)
[2026-01-09T14:53:36.458Z] [INFO] [SessionMgr] Created session for descargasdd.org (TTL: 30m)
[2026-01-09T16:39:31.765Z] [INFO] [SessionMgr] Created session for descargasdd.org (TTL: 30m)
[2026-01-09T17:14:31.144Z] [INFO] [SessionMgr] Cleanup: destroying 1 expired sessions
[2026-01-09T17:14:31.346Z] [INFO] [SessionMgr] Destroyed expired session for descargasdd.org
[2026-01-09T17:51:18.581Z] [INFO] [SessionMgr] Created session for descargasdd.org (TTL: 30m)
[2026-01-09T23:34:40.073Z] [ERROR] [SessionMgr] Failed to create session for descargasdd.org: Error: FlareSolverr session creation failed: timeout of 30000ms exceeded
[2026-01-09T23:40:50.945Z] [ERROR] [SessionMgr] Failed to create session for descargasdd.org: Error: FlareSolverr session creation failed: timeout of 30000ms exceeded
[2026-01-09T23:54:43.730Z] [ERROR] [SessionMgr] Failed to create session for descargasdd.org: Error: FlareSolverr session creation failed: timeout of 30000ms exceeded
[2026-01-09T23:55:15.161Z] [ERROR] [SessionMgr] Failed to create session for descargasdd.org: Error: FlareSolverr session creation failed: timeout of 30000ms exceeded
[2026-01-10T00:11:24.410Z] [INFO] [SessionMgr] Created session for descargasdd.org (TTL: 30m)
[2026-01-10T00:11:26.728Z] [INFO] [SessionMgr] Reusing session for descargasdd.org (age: 2s / TTL: 30m)
[2026-01-10T00:12:06.102Z] [INFO] [SessionMgr] Created session for descargasdd.org (TTL: 30m)
[2026-01-10T09:55:13.811Z] [INFO] [SessionMgr] Cleanup: destroying 1 expired sessions
[2026-01-10T09:55:14.133Z] [INFO] [SessionMgr] Destroyed expired session for descargasdd.org
[2026-01-10T09:55:55.408Z] [INFO] [SessionMgr] Cleanup: destroying 1 expired sessions
[2026-01-10T09:55:55.594Z] [INFO] [SessionMgr] Destroyed expired session for descargasdd.org
[2026-01-10T10:20:51.866Z] [INFO] [SessionMgr] Created session for descargasdd.org (TTL: 30m)
[2026-01-10T10:20:53.640Z] [INFO] [SessionMgr] Created session for descargasdd.org (TTL: 30m)
[2026-01-10T10:20:54.890Z] [INFO] [SessionMgr] Reusing session for descargasdd.org (age: 1s / TTL: 30m)
[2026-01-10T10:20:55.607Z] [INFO] [SessionMgr] Reusing session for descargasdd.org (age: 2s / TTL: 30m)
[2026-01-10T10:21:58.494Z] [INFO] [SessionMgr] Created session for descargasdd.org (TTL: 30m)
[2026-01-10T16:58:50.000Z] [INFO] [SessionMgr] Created session for descargasdd.org (TTL: 30m)
[2026-01-10T17:33:49.592Z] [INFO] [SessionMgr] Cleanup: destroying 1 expired sessions
[2026-01-10T17:33:49.854Z] [INFO] [SessionMgr] Destroyed expired session for descargasdd.org
[2026-01-11T01:06:05.523Z] [INFO] [SessionMgr] Created session for descargasdd.org (TTL: 30m)
[2026-01-11T08:51:56.274Z] [INFO] [SessionMgr] Cleanup: destroying 1 expired sessions
[2026-01-11T08:51:56.527Z] [INFO] [SessionMgr] Destroyed expired session for descargasdd.org
[2026-01-11T22:21:30.745Z] [ERROR] [SessionMgr] Failed to create session for descargasdd.org: Error: FlareSolverr session creation failed: timeout of 30000ms exceeded
[2026-01-11T22:22:09.026Z] [ERROR] [SessionMgr] Failed to create session for descargasdd.org: Error: FlareSolverr session creation failed: timeout of 30000ms exceeded
[2026-01-11T22:30:04.913Z] [INFO] [SessionMgr] Created session for descargasdd.org (TTL: 30m)
[2026-01-11T22:30:07.117Z] [INFO] [SessionMgr] Reusing session for descargasdd.org (age: 2s / TTL: 30m)
[2026-01-11T22:30:08.829Z] [INFO] [SessionMgr] Reusing session for descargasdd.org (age: 4s / TTL: 30m)
[2026-01-11T22:30:09.146Z] [INFO] [SessionMgr] Reusing session for descargasdd.org (age: 4s / TTL: 30m)
[2026-01-11T22:30:09.490Z] [INFO] [SessionMgr] Reusing session for descargasdd.org (age: 5s / TTL: 30m)
[2026-01-11T22:30:09.657Z] [INFO] [SessionMgr] Reusing session for descargasdd.org (age: 5s / TTL: 30m)
[2026-01-11T23:05:02.938Z] [INFO] [SessionMgr] Cleanup: destroying 1 expired sessions
[2026-01-11T23:05:03.154Z] [INFO] [SessionMgr] Destroyed expired session for descargasdd.org
