[2026-01-10T00:12:06.102Z] [INFO] Warming up forum base URL: https://descargasdd.org
[2026-01-10T00:12:18.902Z] [INFO] Attempting login for user: malevolent
[2026-01-10T00:12:19.898Z] [INFO] Login successful
[2026-01-10T00:12:22.670Z] [INFO] Received HTML: 192719 bytes
[2026-01-10T00:12:22.670Z] [INFO] Initial post ID from URL: 1583
[2026-01-10T00:12:22.670Z] [INFO] Real post ID from HTML: 2304
[2026-01-10T00:12:22.670Z] [INFO] Content already unhidden, extracting links directly
[2026-01-10T00:12:22.741Z] [INFO] Extracted 1 links
[2026-01-10T10:21:58.495Z] [INFO] Warming up forum base URL: https://descargasdd.org
[2026-01-10T10:22:11.158Z] [INFO] Attempting login for user: malevolent
[2026-01-10T10:22:12.144Z] [INFO] Login successful
[2026-01-10T10:22:15.022Z] [INFO] Received HTML: 218372 bytes
[2026-01-10T10:22:15.022Z] [INFO] Initial post ID from URL: 479159
[2026-01-10T10:22:15.022Z] [INFO] Real post ID from HTML: 5952218
[2026-01-10T10:22:15.022Z] [INFO] Content already unhidden, extracting links directly
[2026-01-10T10:22:15.101Z] [INFO] Extracted 3 links
[2026-01-10T16:58:50.001Z] [INFO] Warming up forum base URL: https://descargasdd.org
[2026-01-10T16:59:03.297Z] [INFO] Attempting login for user: malevolent
[2026-01-10T16:59:04.664Z] [INFO] Login successful
[2026-01-10T16:59:07.652Z] [INFO] Received HTML: 197977 bytes
[2026-01-10T16:59:07.652Z] [INFO] Initial post ID from URL: 479159
[2026-01-10T16:59:07.652Z] [INFO] Real post ID from HTML: 5952218
[2026-01-10T16:59:07.652Z] [INFO] Content already unhidden, extracting links directly
[2026-01-10T16:59:07.725Z] [INFO] Extracted 3 links
