    "do": "process",
    "contenttypeid": "1",
    "keywords": "Breaking Bad T1",
    "showresults": "threads",
    "search_type": "1"
  }
}
[2026-01-12T01:12:32.774+01:00 Europe/Madrid] [INFO] [DescargasDD] Native search debug HTML snippet (POST/FlareSolverr) <html xmlns="http://www.w3.org/1999/xhtml" dir="ltr" lang="es" id="vbulletin_html" style="--warp-bg-color: #0033FF; --warp-text-color: #ffffff; --warp-btn-color: #2b2b2b;"><head>
	<meta http-equiv="Content-Security-Policy" content="upgrade-insecure-requests">
<meta http-equiv="Content-Type" content="text/html; charset=ISO-8859-1">
<meta id="e_vb_meta_bburl" name="vb_meta_bburl" content="https://descargasdd.org">
<base href="https://descargasdd.org/"><!--[if IE]></base><![endif]-->
<meta name="generator" content="vBulletin 4.2.3">
<meta http-equiv="X-UA-Compatible" content="IE=9">

	<link rel="Shortcut Icon" href="favicon.ico" type="image/x-icon">



		<meta name="keywords" content="descarga,descargas,descargar,juegos,chiste,cine,serie,series,comics,música,libro,dvdrat,dvdfull,dvdrip,dvdscreener,documentales,ebooks,librosvirtuales,audiolibros,software,megaupload,download,películas,gratis,estreno,directa">
		<meta name="description" content="Descargar peliculas, series, documentales, juegos y mucho mas en el foro azul.">






<script async="" src="//cse.google.com/adsense/search/async-ads.js"></script><script type="text/javascript" async="" src="https://cse.google.com/cse.js?cx=44f04a516a5b84434"></script><script type="text/javascript">
<!--
	if (typeof YAHOO === 'undefined') // Load ALL YUI Local
	{
		document.write('<script type="text/javascript" src="clientscript/yui/yuiloader-dom-event/yuiloader-dom-event.js?v=423"><\/script>');
		document.write('<script type="text/javascript" src="clientscript/yui/connection/connection-min.js?v=423"><\/script>');
		var yuipath = 'clientscript/yui';
		var yuicombopath = '';
		var remoteyui = false;
	}
	else	// Load Rest of YUI remotely (where possible)
	{
		var yuipath = 'clientscript/yui';
		var yuicombopath = '';
		var remoteyui = true;
		if (!yuicombopath)
		{
			document.write('<script type="text/javascript" src="clientscript/yui/connection/connection-min.js?v=423"><\/script>');
		}
	}
	var SESSIONURL = "";
	var SECURITYTOKEN = "guest";
	var IMGDIR_MISC = "images/Eloquent/miscblue";
	var IMGDIR_BUTTON = "images/Eloquent/buttonsblue";
	var vb_disable_ajax = parseInt("0", 10);
	var SIMPLEVERSION = "423";
	var BBURL = "https://descargasdd.org";
	var LOGGEDIN = 0 > 0 ? true : false;
	var THIS_SCRIPT = "search";
	var RELPATH = "search.php?do=process";
	var PATHS = {
		forum : "",
		cms   : "",
		blog  : ""
	};
	var AJAXBASEURL = "https://descargasdd.org/";
// -->
</script><script type="text/javascript" src="clientscript/
...<clipped>...
[2026-01-12T01:12:32.774+01:00 Europe/Madrid] [INFO] [UNKNOWN] Searching in forum "DescargasDD" with variant: "Breaking Bad S01"
[2026-01-12T01:12:32.828+01:00 Europe/Madrid] [WARN] [DescargasDD] Axios native search attempt failed, will try FlareSolverr fallback {
  "error": "Request failed with status code 403"
}
[2026-01-12T01:12:32.828+01:00 Europe/Madrid] [INFO] [DescargasDD] FlareSolverr fallback cookie/UA injection {
  "storedCookiesCount": 6,
  "storedCookieNames": [
    "bb_sessionhash",
    "bb_lastactivity",
    "bb_password",
    "bb_userid",
    "bb_lastvisit",
    "cf_clearance"
  ],
  "hasUserAgent": true
}
[2026-01-12T01:12:32.828+01:00 Europe/Madrid] [INFO] [DescargasDD] FlareSolverr fallback: passing 6 cookies directly to FlareSolverr API
[2026-01-12T01:15:56.570+01:00 Europe/Madrid] [INFO] [UNKNOWN] Search request: type=tvsearch, query="Breaking Bad", season=1, ep=null, imdbid=null, tmdbid=null, cats=, apikey=fdd-12e655...
[2026-01-12T01:15:56.592+01:00 Europe/Madrid] [INFO] [UNKNOWN] Forum lookup result: Found forum 'DescargasDD'
[2026-01-12T01:15:56.601+01:00 Europe/Madrid] [INFO] [UNKNOWN] Found 1 enabled forums to search in
[2026-01-12T01:16:27.532+01:00 Europe/Madrid] [INFO] [UNKNOWN] shouldSearch=true, q="Breaking Bad", season=1, ep=null, isTvSearch=true
[2026-01-12T01:16:27.532+01:00 Europe/Madrid] [INFO] [UNKNOWN] Starting forum search for query: "Breaking Bad" (variants: 3)
[2026-01-12T01:16:27.532+01:00 Europe/Madrid] [INFO] [UNKNOWN] Searching in forum "DescargasDD" with variant: "Breaking Bad temporada 1"
[2026-01-12T01:16:27.758+01:00 Europe/Madrid] [WARN] [DescargasDD] Axios native search attempt failed, will try FlareSolverr fallback {
  "error": "Request failed with status code 403"
}
[2026-01-12T01:16:27.759+01:00 Europe/Madrid] [INFO] [DescargasDD] FlareSolverr fallback cookie/UA injection {
  "storedCookiesCount": 6,
  "storedCookieNames": [
    "bb_sessionhash",
    "bb_lastactivity",
    "bb_password",
    "bb_userid",
    "bb_lastvisit",
    "cf_clearance"
  ],
  "hasUserAgent": true
}
[2026-01-12T01:16:27.759+01:00 Europe/Madrid] [INFO] [DescargasDD] FlareSolverr fallback: passing 6 cookies directly to FlareSolverr API
[2026-01-12T01:16:41.472+01:00 Europe/Madrid] [WARN] [DescargasDD] Could not extract search results URL (searchid) via FlareSolverr
[2026-01-12T01:16:41.473+01:00 Europe/Madrid] [INFO] [DescargasDD] Native search debug (POST/FlareSolverr) {
  "firstPageUrl": "https://descargasdd.org/search.php?search_type=1",
  "action": "https://descargasdd.org/search.php?do=process",
  "processedFinalUrl": "https://descargasdd.org/search.php?do=process",
  "responseLength": 53719,
  "extractedSearchId": null,
  "extractedUrlFromFinal": null,
  "extractedUrlFromBody": null,
  "postDataKeys": [
    "query",
    "titleonly",
    "searchuser",
    "starteronly",
    "tag",
    "dosearch",
    "forumchoice[]",
    "childforums",
    "replyless",
    "replylimit",
    "searchdate",
    "beforeafter",
    "sortby",
    "order",
    "showposts",
    "saveprefs",
    "searchthreadid",
    "s",
    "securitytoken",
    "searchfromtype",
    "do",
    "contenttypeid",
    "keywords",
    "showresults",
    "search_type"
  ],
  "postDataPreview": {
    "query": "Breaking Bad temporada 1",
    "titleonly": "0",
    "searchuser": "",
    "starteronly": "0",
    "tag": "",
    "dosearch": "Buscar ahora",
    "forumchoice[]": " Zona Series",
    "childforums": "1",
    "replyless": "0",
    "replylimit": "",
    "searchdate": "0",
    "beforeafter": "after",
    "sortby": "dateline",
    "order": "descending",
    "showposts": "0",
    "saveprefs": "1",
    "searchthreadid": "0",
    "s": "",
    "securitytoken": "<redacted>",
    "searchfromtype": "vBForum:Post",
    "do": "process",
    "contenttypeid": "1",
    "keywords": "Breaking Bad temporada 1",
    "showresults": "threads",
    "search_type": "1"
  }
}
[2026-01-12T01:16:41.473+01:00 Europe/Madrid] [INFO] [DescargasDD] Native search debug HTML snippet (POST/FlareSolverr) <html xmlns="http://www.w3.org/1999/xhtml" dir="ltr" lang="es" id="vbulletin_html" style="--warp-bg-color: #0033FF; --warp-text-color: #ffffff; --warp-btn-color: #2b2b2b;"><head>
	<meta http-equiv="Content-Security-Policy" content="upgrade-insecure-requests">
<meta http-equiv="Content-Type" content="text/html; charset=ISO-8859-1">
<meta id="e_vb_meta_bburl" name="vb_meta_bburl" content="https://descargasdd.org">
<base href="https://descargasdd.org/"><!--[if IE]></base><![endif]-->
<meta name="generator" content="vBulletin 4.2.3">
<meta http-equiv="X-UA-Compatible" content="IE=9">

	<link rel="Shortcut Icon" href="favicon.ico" type="image/x-icon">



		<meta name="keywords" content="descarga,descargas,descargar,juegos,chiste,cine,serie,series,comics,música,libro,dvdrat,dvdfull,dvdrip,dvdscreener,documentales,ebooks,librosvirtuales,audiolibros,software,megaupload,download,películas,gratis,estreno,directa">
		<meta name="description" content="Descargar peliculas, series, documentales, juegos y mucho mas en el foro azul.">






<script async="" src="//cse.google.com/adsense/search/async-ads.js"></script><script type="text/javascript" async="" src="https://cse.google.com/cse.js?cx=44f04a516a5b84434"></script><script type="text/javascript">
<!--
	if (typeof YAHOO === 'undefined') // Load ALL YUI Local
	{
		document.write('<script type="text/javascript" src="clientscript/yui/yuiloader-dom-event/yuiloader-dom-event.js?v=423"><\/script>');
		document.write('<script type="text/javascript" src="clientscript/yui/connection/connection-min.js?v=423"><\/script>');
		var yuipath = 'clientscript/yui';
		var yuicombopath = '';
		var remoteyui = false;
	}
	else	// Load Rest of YUI remotely (where possible)
	{
		var yuipath = 'clientscript/yui';
		var yuicombopath = '';
		var remoteyui = true;
		if (!yuicombopath)
		{
			document.write('<script type="text/javascript" src="clientscript/yui/connection/connection-min.js?v=423"><\/script>');
		}
	}
	var SESSIONURL = "";
	var SECURITYTOKEN = "guest";
	var IMGDIR_MISC = "images/Eloquent/miscblue";
	var IMGDIR_BUTTON = "images/Eloquent/buttonsblue";
	var vb_disable_ajax = parseInt("0", 10);
	var SIMPLEVERSION = "423";
	var BBURL = "https://descargasdd.org";
	var LOGGEDIN = 0 > 0 ? true : false;
	var THIS_SCRIPT = "search";
	var RELPATH = "search.php?do=process";
	var PATHS = {
		forum : "",
		cms   : "",
		blog  : ""
	};
	var AJAXBASEURL = "https://descargasdd.org/";
// -->
</script><script type="text/javascript" src="clientscript/
...<clipped>...
[2026-01-12T01:16:41.473+01:00 Europe/Madrid] [INFO] [UNKNOWN] Searching in forum "DescargasDD" with variant: "Breaking Bad T1"
[2026-01-12T01:16:41.531+01:00 Europe/Madrid] [WARN] [DescargasDD] Axios native search attempt failed, will try FlareSolverr fallback {
  "error": "Request failed with status code 403"
}
[2026-01-12T01:16:41.532+01:00 Europe/Madrid] [INFO] [DescargasDD] FlareSolverr fallback cookie/UA injection {
  "storedCookiesCount": 6,
  "storedCookieNames": [
    "bb_sessionhash",
    "bb_lastactivity",
    "bb_password",
    "bb_userid",
    "bb_lastvisit",
    "cf_clearance"
  ],
  "hasUserAgent": true
}
[2026-01-12T01:16:41.532+01:00 Europe/Madrid] [INFO] [DescargasDD] FlareSolverr fallback: passing 6 cookies directly to FlareSolverr API
[2026-01-12T01:16:52.789+01:00 Europe/Madrid] [WARN] [DescargasDD] Could not extract search results URL (searchid) via FlareSolverr
[2026-01-12T01:16:52.790+01:00 Europe/Madrid] [INFO] [DescargasDD] Native search debug (POST/FlareSolverr) {
  "firstPageUrl": "https://descargasdd.org/search.php?search_type=1",
  "action": "https://descargasdd.org/search.php?do=process",
  "processedFinalUrl": "https://descargasdd.org/search.php?do=process",
  "responseLength": 53701,
  "extractedSearchId": null,
  "extractedUrlFromFinal": null,
  "extractedUrlFromBody": null,
  "postDataKeys": [
    "query",
    "titleonly",
    "searchuser",
    "starteronly",
    "tag",
    "dosearch",
    "forumchoice[]",
    "childforums",
    "replyless",
    "replylimit",
    "searchdate",
    "beforeafter",
    "sortby",
    "order",
    "showposts",
    "saveprefs",
    "searchthreadid",
    "s",
    "securitytoken",
    "searchfromtype",
    "do",
    "contenttypeid",
    "keywords",
    "showresults",
    "search_type"
  ],
  "postDataPreview": {
    "query": "Breaking Bad T1",
    "titleonly": "0",
    "searchuser": "",
    "starteronly": "0",
    "tag": "",
    "dosearch": "Buscar ahora",
    "forumchoice[]": " Zona Series",
    "childforums": "1",
    "replyless": "0",
    "replylimit": "",
    "searchdate": "0",
    "beforeafter": "after",
    "sortby": "dateline",
    "order": "descending",
    "showposts": "0",
    "saveprefs": "1",
    "searchthreadid": "0",
    "s": "",
    "securitytoken": "<redacted>",
    "searchfromtype": "vBForum:Post",
    "do": "process",
    "contenttypeid": "1",
    "keywords": "Breaking Bad T1",
    "showresults": "threads",
    "search_type": "1"
  }
}
[2026-01-12T01:16:52.790+01:00 Europe/Madrid] [INFO] [DescargasDD] Native search debug HTML snippet (POST/FlareSolverr) <html xmlns="http://www.w3.org/1999/xhtml" dir="ltr" lang="es" id="vbulletin_html" style="--warp-bg-color: #0033FF; --warp-text-color: #ffffff; --warp-btn-color: #2b2b2b;"><head>
	<meta http-equiv="Content-Security-Policy" content="upgrade-insecure-requests">
<meta http-equiv="Content-Type" content="text/html; charset=ISO-8859-1">
<meta id="e_vb_meta_bburl" name="vb_meta_bburl" content="https://descargasdd.org">
<base href="https://descargasdd.org/"><!--[if IE]></base><![endif]-->
<meta name="generator" content="vBulletin 4.2.3">
<meta http-equiv="X-UA-Compatible" content="IE=9">

	<link rel="Shortcut Icon" href="favicon.ico" type="image/x-icon">



		<meta name="keywords" content="descarga,descargas,descargar,juegos,chiste,cine,serie,series,comics,música,libro,dvdrat,dvdfull,dvdrip,dvdscreener,documentales,ebooks,librosvirtuales,audiolibros,software,megaupload,download,películas,gratis,estreno,directa">
		<meta name="description" content="Descargar peliculas, series, documentales, juegos y mucho mas en el foro azul.">






<script async="" src="//cse.google.com/adsense/search/async-ads.js"></script><script type="text/javascript" async="" src="https://cse.google.com/cse.js?cx=44f04a516a5b84434"></script><script type="text/javascript">
<!--
	if (typeof YAHOO === 'undefined') // Load ALL YUI Local
	{
		document.write('<script type="text/javascript" src="clientscript/yui/yuiloader-dom-event/yuiloader-dom-event.js?v=423"><\/script>');
		document.write('<script type="text/javascript" src="clientscript/yui/connection/connection-min.js?v=423"><\/script>');
		var yuipath = 'clientscript/yui';
		var yuicombopath = '';
		var remoteyui = false;
	}
	else	// Load Rest of YUI remotely (where possible)
	{
		var yuipath = 'clientscript/yui';
		var yuicombopath = '';
		var remoteyui = true;
		if (!yuicombopath)
		{
			document.write('<script type="text/javascript" src="clientscript/yui/connection/connection-min.js?v=423"><\/script>');
		}
	}
	var SESSIONURL = "";
	var SECURITYTOKEN = "guest";
	var IMGDIR_MISC = "images/Eloquent/miscblue";
	var IMGDIR_BUTTON = "images/Eloquent/buttonsblue";
	var vb_disable_ajax = parseInt("0", 10);
	var SIMPLEVERSION = "423";
	var BBURL = "https://descargasdd.org";
	var LOGGEDIN = 0 > 0 ? true : false;
	var THIS_SCRIPT = "search";
	var RELPATH = "search.php?do=process";
	var PATHS = {
		forum : "",
		cms   : "",
		blog  : ""
	};
	var AJAXBASEURL = "https://descargasdd.org/";
// -->
</script><script type="text/javascript" src="clientscript/
...<clipped>...
[2026-01-12T01:16:52.791+01:00 Europe/Madrid] [INFO] [UNKNOWN] Searching in forum "DescargasDD" with variant: "Breaking Bad S01"
[2026-01-12T01:16:52.848+01:00 Europe/Madrid] [WARN] [DescargasDD] Axios native search attempt failed, will try FlareSolverr fallback {
  "error": "Request failed with status code 403"
}
[2026-01-12T01:16:52.849+01:00 Europe/Madrid] [INFO] [DescargasDD] FlareSolverr fallback cookie/UA injection {
  "storedCookiesCount": 6,
  "storedCookieNames": [
    "bb_sessionhash",
    "bb_lastactivity",
    "bb_password",
    "bb_userid",
    "bb_lastvisit",
    "cf_clearance"
  ],
  "hasUserAgent": true
}
[2026-01-12T01:16:52.849+01:00 Europe/Madrid] [INFO] [DescargasDD] FlareSolverr fallback: passing 6 cookies directly to FlareSolverr API
[2026-01-12T01:17:07.209+01:00 Europe/Madrid] [WARN] [DescargasDD] Could not extract search results URL (searchid) via FlareSolverr
[2026-01-12T01:17:07.210+01:00 Europe/Madrid] [INFO] [DescargasDD] Native search debug (POST/FlareSolverr) {
  "firstPageUrl": "https://descargasdd.org/search.php?search_type=1",
  "action": "https://descargasdd.org/search.php?do=process",
  "processedFinalUrl": "https://descargasdd.org/search.php?do=process",
  "responseLength": 53703,
  "extractedSearchId": null,
  "extractedUrlFromFinal": null,
  "extractedUrlFromBody": null,
  "postDataKeys": [
    "query",
    "titleonly",
    "searchuser",
    "starteronly",
    "tag",
    "dosearch",
    "forumchoice[]",
    "childforums",
    "replyless",
    "replylimit",
    "searchdate",
    "beforeafter",
    "sortby",
    "order",
    "showposts",
    "saveprefs",
    "searchthreadid",
    "s",
    "securitytoken",
    "searchfromtype",
    "do",
    "contenttypeid",
    "keywords",
    "showresults",
    "search_type"
  ],
  "postDataPreview": {
    "query": "Breaking Bad S01",
    "titleonly": "0",
    "searchuser": "",
    "starteronly": "0",
    "tag": "",
    "dosearch": "Buscar ahora",
    "forumchoice[]": " Zona Series",
    "childforums": "1",
    "replyless": "0",
    "replylimit": "",
    "searchdate": "0",
    "beforeafter": "after",
    "sortby": "dateline",
    "order": "descending",
    "showposts": "0",
    "saveprefs": "1",
    "searchthreadid": "0",
    "s": "",
    "securitytoken": "<redacted>",
    "searchfromtype": "vBForum:Post",
    "do": "process",
    "contenttypeid": "1",
    "keywords": "Breaking Bad S01",
    "showresults": "threads",
    "search_type": "1"
  }
}
[2026-01-12T01:17:07.210+01:00 Europe/Madrid] [INFO] [DescargasDD] Native search debug HTML snippet (POST/FlareSolverr) <html xmlns="http://www.w3.org/1999/xhtml" dir="ltr" lang="es" id="vbulletin_html" style="--warp-bg-color: #0033FF; --warp-text-color: #ffffff; --warp-btn-color: #2b2b2b;"><head>
	<meta http-equiv="Content-Security-Policy" content="upgrade-insecure-requests">
<meta http-equiv="Content-Type" content="text/html; charset=ISO-8859-1">
<meta id="e_vb_meta_bburl" name="vb_meta_bburl" content="https://descargasdd.org">
<base href="https://descargasdd.org/"><!--[if IE]></base><![endif]-->
<meta name="generator" content="vBulletin 4.2.3">
<meta http-equiv="X-UA-Compatible" content="IE=9">

	<link rel="Shortcut Icon" href="favicon.ico" type="image/x-icon">



		<meta name="keywords" content="descarga,descargas,descargar,juegos,chiste,cine,serie,series,comics,música,libro,dvdrat,dvdfull,dvdrip,dvdscreener,documentales,ebooks,librosvirtuales,audiolibros,software,megaupload,download,películas,gratis,estreno,directa">
		<meta name="description" content="Descargar peliculas, series, documentales, juegos y mucho mas en el foro azul.">






<script async="" src="//cse.google.com/adsense/search/async-ads.js"></script><script type="text/javascript" async="" src="https://cse.google.com/cse.js?cx=44f04a516a5b84434"></script><script type="text/javascript">
<!--
	if (typeof YAHOO === 'undefined') // Load ALL YUI Local
	{
		document.write('<script type="text/javascript" src="clientscript/yui/yuiloader-dom-event/yuiloader-dom-event.js?v=423"><\/script>');
		document.write('<script type="text/javascript" src="clientscript/yui/connection/connection-min.js?v=423"><\/script>');
		var yuipath = 'clientscript/yui';
		var yuicombopath = '';
		var remoteyui = false;
	}
	else	// Load Rest of YUI remotely (where possible)
	{
		var yuipath = 'clientscript/yui';
		var yuicombopath = '';
		var remoteyui = true;
		if (!yuicombopath)
		{
			document.write('<script type="text/javascript" src="clientscript/yui/connection/connection-min.js?v=423"><\/script>');
		}
	}
	var SESSIONURL = "";
	var SECURITYTOKEN = "guest";
	var IMGDIR_MISC = "images/Eloquent/miscblue";
	var IMGDIR_BUTTON = "images/Eloquent/buttonsblue";
	var vb_disable_ajax = parseInt("0", 10);
	var SIMPLEVERSION = "423";
	var BBURL = "https://descargasdd.org";
	var LOGGEDIN = 0 > 0 ? true : false;
	var THIS_SCRIPT = "search";
	var RELPATH = "search.php?do=process";
	var PATHS = {
		forum : "",
		cms   : "",
		blog  : ""
	};
	var AJAXBASEURL = "https://descargasdd.org/";
// -->
</script><script type="text/javascript" src="clientscript/
...<clipped>...
[2026-01-12T01:17:07.211+01:00 Europe/Madrid] [WARN] [UNKNOWN] No results found in forum "DescargasDD" for any variant
[2026-01-12T01:17:07.227+01:00 Europe/Madrid] [INFO] [UNKNOWN] Returning XML response with 1 items (2160 bytes)
[2026-01-12T01:17:07.227+01:00 Europe/Madrid] [INFO] [UNKNOWN] XML preview: <?xml version="1.0" encoding="UTF-8"?>
<rss version="2.0" xmlns:atom="http://www.w3.org/2005/Atom" xmlns:newznab="http://www.newznab.com/DTD/2010/feeds/attributes/" xmlns:torznab="http://torznab.com/schemas/2015/feed">
  <channel>
    <title>Sweaterr</title>
    <description>Direct download indexer</description>
    <link>http://localhost:3000</link>
    <language>es-es</language>
    <webMaster>admin@forumdownloader.local</webMaster>
        <atom:link rel="self" href="http://localhost:3000/api...
[2026-01-12T01:18:58.965+01:00 Europe/Madrid] [INFO] [UNKNOWN] Search request: type=tvsearch, query="Breaking Bad", season=1, ep=null, imdbid=null, tmdbid=null, cats=, apikey=fdd-12e655...
[2026-01-12T01:18:58.969+01:00 Europe/Madrid] [INFO] [UNKNOWN] Forum lookup result: Found forum 'DescargasDD'
[2026-01-12T01:18:58.971+01:00 Europe/Madrid] [INFO] [UNKNOWN] Found 1 enabled forums to search in
[2026-01-12T01:19:00.256+01:00 Europe/Madrid] [INFO] [SONARR] Search request: type=tvsearch, query="", season=null, ep=null, imdbid=null, tmdbid=null, cats=5000, apikey=fdd-12e655...
[2026-01-12T01:19:00.259+01:00 Europe/Madrid] [INFO] [SONARR] Forum lookup result: Found forum 'DescargasDD'
[2026-01-12T01:19:00.262+01:00 Europe/Madrid] [INFO] [SONARR] Found 1 enabled forums to search in
[2026-01-12T01:19:29.632+01:00 Europe/Madrid] [INFO] [UNKNOWN] shouldSearch=true, q="Breaking Bad", season=1, ep=null, isTvSearch=true
[2026-01-12T01:19:29.632+01:00 Europe/Madrid] [INFO] [UNKNOWN] Starting forum search for query: "Breaking Bad" (variants: 3)
[2026-01-12T01:19:29.632+01:00 Europe/Madrid] [INFO] [UNKNOWN] Searching in forum "DescargasDD" with variant: "Breaking Bad temporada 1"
[2026-01-12T01:19:29.689+01:00 Europe/Madrid] [WARN] [DescargasDD] Axios native search attempt failed, will try FlareSolverr fallback {
  "error": "Request failed with status code 403"
}
[2026-01-12T01:19:29.690+01:00 Europe/Madrid] [INFO] [DescargasDD] FlareSolverr fallback cookie/UA injection {
  "storedCookiesCount": 6,
  "storedCookieNames": [
    "bb_sessionhash",
    "bb_lastactivity",
    "bb_password",
    "bb_userid",
    "bb_lastvisit",
    "cf_clearance"
  ],
  "hasUserAgent": true
}
[2026-01-12T01:19:29.690+01:00 Europe/Madrid] [INFO] [DescargasDD] FlareSolverr fallback: passing 6 cookies directly to FlareSolverr API
[2026-01-12T01:19:40.418+01:00 Europe/Madrid] [INFO] [SONARR] shouldSearch=, q="", season=null, ep=null, isTvSearch=true
[2026-01-12T01:19:40.428+01:00 Europe/Madrid] [INFO] [SONARR] Returning XML response with 1 items (2176 bytes)
[2026-01-12T01:19:40.428+01:00 Europe/Madrid] [INFO] [SONARR] XML preview: <?xml version="1.0" encoding="UTF-8"?>
<rss version="2.0" xmlns:atom="http://www.w3.org/2005/Atom" xmlns:newznab="http://www.newznab.com/DTD/2010/feeds/attributes/" xmlns:torznab="http://torznab.com/schemas/2015/feed">
  <channel>
    <title>Sweaterr</title>
    <description>Direct download indexer</description>
    <link>http://localhost:3000</link>
    <language>es-es</language>
    <webMaster>admin@forumdownloader.local</webMaster>
        <atom:link rel="self" href="http://localhost:3000/api...
[2026-01-12T01:19:41.722+01:00 Europe/Madrid] [WARN] [DescargasDD] Could not extract search results URL (searchid) via FlareSolverr
[2026-01-12T01:19:41.723+01:00 Europe/Madrid] [INFO] [DescargasDD] Native search debug (POST/FlareSolverr) {
  "firstPageUrl": "https://descargasdd.org/search.php?search_type=1",
  "action": "https://descargasdd.org/search.php?do=process",
  "processedFinalUrl": "https://descargasdd.org/search.php?do=process",
  "responseLength": 53719,
  "extractedSearchId": null,
  "extractedUrlFromFinal": null,
  "extractedUrlFromBody": null,
  "postDataKeys": [
    "query",
    "titleonly",
    "searchuser",
    "starteronly",
    "tag",
    "dosearch",
    "forumchoice[]",
    "childforums",
    "replyless",
    "replylimit",
    "searchdate",
    "beforeafter",
    "sortby",
    "order",
    "showposts",
    "saveprefs",
    "searchthreadid",
    "s",
    "securitytoken",
    "searchfromtype",
    "do",
    "contenttypeid",
    "keywords",
    "showresults",
    "search_type"
  ],
  "postDataPreview": {
    "query": "Breaking Bad temporada 1",
    "titleonly": "0",
    "searchuser": "",
    "starteronly": "0",
    "tag": "",
    "dosearch": "Buscar ahora",
    "forumchoice[]": " Zona Series",
    "childforums": "1",
    "replyless": "0",
    "replylimit": "",
    "searchdate": "0",
    "beforeafter": "after",
    "sortby": "dateline",
    "order": "descending",
    "showposts": "0",
    "saveprefs": "1",
    "searchthreadid": "0",
    "s": "",
    "securitytoken": "<redacted>",
    "searchfromtype": "vBForum:Post",
    "do": "process",
    "contenttypeid": "1",
    "keywords": "Breaking Bad temporada 1",
    "showresults": "threads",
    "search_type": "1"
  }
}
[2026-01-12T01:19:41.723+01:00 Europe/Madrid] [INFO] [DescargasDD] Native search debug HTML snippet (POST/FlareSolverr) <html xmlns="http://www.w3.org/1999/xhtml" dir="ltr" lang="es" id="vbulletin_html" style="--warp-bg-color: #0033FF; --warp-text-color: #ffffff; --warp-btn-color: #2b2b2b;"><head>
	<meta http-equiv="Content-Security-Policy" content="upgrade-insecure-requests">
<meta http-equiv="Content-Type" content="text/html; charset=ISO-8859-1">
<meta id="e_vb_meta_bburl" name="vb_meta_bburl" content="https://descargasdd.org">
<base href="https://descargasdd.org/"><!--[if IE]></base><![endif]-->
<meta name="generator" content="vBulletin 4.2.3">
<meta http-equiv="X-UA-Compatible" content="IE=9">

	<link rel="Shortcut Icon" href="favicon.ico" type="image/x-icon">



		<meta name="keywords" content="descarga,descargas,descargar,juegos,chiste,cine,serie,series,comics,música,libro,dvdrat,dvdfull,dvdrip,dvdscreener,documentales,ebooks,librosvirtuales,audiolibros,software,megaupload,download,películas,gratis,estreno,directa">
		<meta name="description" content="Descargar peliculas, series, documentales, juegos y mucho mas en el foro azul.">






<script async="" src="//cse.google.com/adsense/search/async-ads.js"></script><script type="text/javascript" async="" src="https://cse.google.com/cse.js?cx=44f04a516a5b84434"></script><script type="text/javascript">
<!--
	if (typeof YAHOO === 'undefined') // Load ALL YUI Local
	{
		document.write('<script type="text/javascript" src="clientscript/yui/yuiloader-dom-event/yuiloader-dom-event.js?v=423"><\/script>');
		document.write('<script type="text/javascript" src="clientscript/yui/connection/connection-min.js?v=423"><\/script>');
		var yuipath = 'clientscript/yui';
		var yuicombopath = '';
		var remoteyui = false;
	}
	else	// Load Rest of YUI remotely (where possible)
	{
		var yuipath = 'clientscript/yui';
		var yuicombopath = '';
		var remoteyui = true;
		if (!yuicombopath)
		{
			document.write('<script type="text/javascript" src="clientscript/yui/connection/connection-min.js?v=423"><\/script>');
		}
	}
	var SESSIONURL = "";
	var SECURITYTOKEN = "guest";
	var IMGDIR_MISC = "images/Eloquent/miscblue";
	var IMGDIR_BUTTON = "images/Eloquent/buttonsblue";
	var vb_disable_ajax = parseInt("0", 10);
	var SIMPLEVERSION = "423";
	var BBURL = "https://descargasdd.org";
	var LOGGEDIN = 0 > 0 ? true : false;
	var THIS_SCRIPT = "search";
	var RELPATH = "search.php?do=process";
	var PATHS = {
		forum : "",
		cms   : "",
		blog  : ""
	};
	var AJAXBASEURL = "https://descargasdd.org/";
// -->
</script><script type="text/javascript" src="clientscript/
...<clipped>...
[2026-01-12T01:19:41.723+01:00 Europe/Madrid] [INFO] [UNKNOWN] Searching in forum "DescargasDD" with variant: "Breaking Bad T1"
[2026-01-12T01:19:41.778+01:00 Europe/Madrid] [WARN] [DescargasDD] Axios native search attempt failed, will try FlareSolverr fallback {
  "error": "Request failed with status code 403"
}
[2026-01-12T01:19:41.778+01:00 Europe/Madrid] [INFO] [DescargasDD] FlareSolverr fallback cookie/UA injection {
  "storedCookiesCount": 6,
  "storedCookieNames": [
    "bb_sessionhash",
    "bb_lastactivity",
    "bb_password",
    "bb_userid",
    "bb_lastvisit",
    "cf_clearance"
  ],
  "hasUserAgent": true
}
[2026-01-12T01:19:41.778+01:00 Europe/Madrid] [INFO] [DescargasDD] FlareSolverr fallback: passing 6 cookies directly to FlareSolverr API
[2026-01-12T01:19:51.905+01:00 Europe/Madrid] [WARN] [DescargasDD] Could not extract search results URL (searchid) via FlareSolverr
[2026-01-12T01:19:51.906+01:00 Europe/Madrid] [INFO] [DescargasDD] Native search debug (POST/FlareSolverr) {
  "firstPageUrl": "https://descargasdd.org/search.php?search_type=1",
  "action": "https://descargasdd.org/search.php?do=process",
  "processedFinalUrl": "https://descargasdd.org/search.php?do=process",
  "responseLength": 53745,
  "extractedSearchId": null,
  "extractedUrlFromFinal": null,
  "extractedUrlFromBody": null,
  "postDataKeys": [
    "query",
    "titleonly",
    "searchuser",
    "starteronly",
    "tag",
    "dosearch",
    "forumchoice[]",
    "childforums",
    "replyless",
    "replylimit",
    "searchdate",
    "beforeafter",
    "sortby",
    "order",
    "showposts",
    "saveprefs",
    "searchthreadid",
    "s",
    "securitytoken",
    "searchfromtype",
    "do",
    "contenttypeid",
    "keywords",
    "showresults",
    "search_type"
  ],
  "postDataPreview": {
    "query": "Breaking Bad T1",
    "titleonly": "0",
    "searchuser": "",
    "starteronly": "0",
    "tag": "",
    "dosearch": "Buscar ahora",
    "forumchoice[]": " Zona Series",
    "childforums": "1",
    "replyless": "0",
    "replylimit": "",
    "searchdate": "0",
    "beforeafter": "after",
    "sortby": "dateline",
    "order": "descending",
    "showposts": "0",
    "saveprefs": "1",
    "searchthreadid": "0",
    "s": "",
    "securitytoken": "<redacted>",
    "searchfromtype": "vBForum:Post",
    "do": "process",
    "contenttypeid": "1",
    "keywords": "Breaking Bad T1",
    "showresults": "threads",
    "search_type": "1"
  }
}
[2026-01-12T01:19:51.906+01:00 Europe/Madrid] [INFO] [DescargasDD] Native search debug HTML snippet (POST/FlareSolverr) <html xmlns="http://www.w3.org/1999/xhtml" dir="ltr" lang="es" id="vbulletin_html" style="--warp-bg-color: #0033FF; --warp-text-color: #ffffff; --warp-btn-color: #2b2b2b;"><head>
	<meta http-equiv="Content-Security-Policy" content="upgrade-insecure-requests">
<meta http-equiv="Content-Type" content="text/html; charset=ISO-8859-1">
<meta id="e_vb_meta_bburl" name="vb_meta_bburl" content="https://descargasdd.org">
<base href="https://descargasdd.org/"><!--[if IE]></base><![endif]-->
<meta name="generator" content="vBulletin 4.2.3">
<meta http-equiv="X-UA-Compatible" content="IE=9">

	<link rel="Shortcut Icon" href="favicon.ico" type="image/x-icon">



		<meta name="keywords" content="descarga,descargas,descargar,juegos,chiste,cine,serie,series,comics,música,libro,dvdrat,dvdfull,dvdrip,dvdscreener,documentales,ebooks,librosvirtuales,audiolibros,software,megaupload,download,películas,gratis,estreno,directa">
		<meta name="description" content="Descargar peliculas, series, documentales, juegos y mucho mas en el foro azul.">






<script async="" src="//cse.google.com/adsense/search/async-ads.js"></script><script type="text/javascript" async="" src="https://cse.google.com/cse.js?cx=44f04a516a5b84434"></script><script type="text/javascript">
<!--
	if (typeof YAHOO === 'undefined') // Load ALL YUI Local
	{
		document.write('<script type="text/javascript" src="clientscript/yui/yuiloader-dom-event/yuiloader-dom-event.js?v=423"><\/script>');
		document.write('<script type="text/javascript" src="clientscript/yui/connection/connection-min.js?v=423"><\/script>');
		var yuipath = 'clientscript/yui';
		var yuicombopath = '';
		var remoteyui = false;
	}
	else	// Load Rest of YUI remotely (where possible)
	{
		var yuipath = 'clientscript/yui';
		var yuicombopath = '';
		var remoteyui = true;
		if (!yuicombopath)
		{
			document.write('<script type="text/javascript" src="clientscript/yui/connection/connection-min.js?v=423"><\/script>');
		}
	}
	var SESSIONURL = "";
	var SECURITYTOKEN = "guest";
	var IMGDIR_MISC = "images/Eloquent/miscblue";
	var IMGDIR_BUTTON = "images/Eloquent/buttonsblue";
	var vb_disable_ajax = parseInt("0", 10);
	var SIMPLEVERSION = "423";
	var BBURL = "https://descargasdd.org";
	var LOGGEDIN = 0 > 0 ? true : false;
	var THIS_SCRIPT = "search";
	var RELPATH = "search.php?do=process";
	var PATHS = {
		forum : "",
		cms   : "",
		blog  : ""
	};
	var AJAXBASEURL = "https://descargasdd.org/";
// -->
</script><script type="text/javascript" src="clientscript/
...<clipped>...
[2026-01-12T01:19:51.906+01:00 Europe/Madrid] [INFO] [UNKNOWN] Searching in forum "DescargasDD" with variant: "Breaking Bad S01"
[2026-01-12T01:19:51.965+01:00 Europe/Madrid] [WARN] [DescargasDD] Axios native search attempt failed, will try FlareSolverr fallback {
  "error": "Request failed with status code 403"
}
[2026-01-12T01:19:51.965+01:00 Europe/Madrid] [INFO] [DescargasDD] FlareSolverr fallback cookie/UA injection {
  "storedCookiesCount": 6,
  "storedCookieNames": [
    "bb_sessionhash",
    "bb_lastactivity",
    "bb_password",
    "bb_userid",
    "bb_lastvisit",
    "cf_clearance"
  ],
  "hasUserAgent": true
}
[2026-01-12T01:19:51.965+01:00 Europe/Madrid] [INFO] [DescargasDD] FlareSolverr fallback: passing 6 cookies directly to FlareSolverr API
[2026-01-12T01:20:03.410+01:00 Europe/Madrid] [WARN] [DescargasDD] Could not extract search results URL (searchid) via FlareSolverr
[2026-01-12T01:20:03.410+01:00 Europe/Madrid] [INFO] [DescargasDD] Native search debug (POST/FlareSolverr) {
  "firstPageUrl": "https://descargasdd.org/search.php?search_type=1",
  "action": "https://descargasdd.org/search.php?do=process",
  "processedFinalUrl": "https://descargasdd.org/search.php?do=process",
  "responseLength": 53802,
  "extractedSearchId": null,
  "extractedUrlFromFinal": null,
  "extractedUrlFromBody": null,
  "postDataKeys": [
    "query",
    "titleonly",
    "searchuser",
    "starteronly",
    "tag",
    "dosearch",
    "forumchoice[]",
    "childforums",
    "replyless",
    "replylimit",
    "searchdate",
    "beforeafter",
    "sortby",
    "order",
    "showposts",
    "saveprefs",
    "searchthreadid",
    "s",
    "securitytoken",
    "searchfromtype",
    "do",
    "contenttypeid",
    "keywords",
    "showresults",
    "search_type"
  ],
  "postDataPreview": {
    "query": "Breaking Bad S01",
    "titleonly": "0",
    "searchuser": "",
    "starteronly": "0",
    "tag": "",
    "dosearch": "Buscar ahora",
    "forumchoice[]": " Zona Series",
    "childforums": "1",
    "replyless": "0",
    "replylimit": "",
    "searchdate": "0",
    "beforeafter": "after",
    "sortby": "dateline",
    "order": "descending",
    "showposts": "0",
    "saveprefs": "1",
    "searchthreadid": "0",
    "s": "",
    "securitytoken": "<redacted>",
    "searchfromtype": "vBForum:Post",
    "do": "process",
    "contenttypeid": "1",
    "keywords": "Breaking Bad S01",
    "showresults": "threads",
    "search_type": "1"
  }
}
[2026-01-12T01:20:03.410+01:00 Europe/Madrid] [INFO] [DescargasDD] Native search debug HTML snippet (POST/FlareSolverr) <html xmlns="http://www.w3.org/1999/xhtml" dir="ltr" lang="es" id="vbulletin_html" style="--warp-bg-color: #0033FF; --warp-text-color: #ffffff; --warp-btn-color: #2b2b2b;"><head>
	<meta http-equiv="Content-Security-Policy" content="upgrade-insecure-requests">
<meta http-equiv="Content-Type" content="text/html; charset=ISO-8859-1">
<meta id="e_vb_meta_bburl" name="vb_meta_bburl" content="https://descargasdd.org">
<base href="https://descargasdd.org/"><!--[if IE]></base><![endif]-->
<meta name="generator" content="vBulletin 4.2.3">
<meta http-equiv="X-UA-Compatible" content="IE=9">

	<link rel="Shortcut Icon" href="favicon.ico" type="image/x-icon">



		<meta name="keywords" content="descarga,descargas,descargar,juegos,chiste,cine,serie,series,comics,música,libro,dvdrat,dvdfull,dvdrip,dvdscreener,documentales,ebooks,librosvirtuales,audiolibros,software,megaupload,download,películas,gratis,estreno,directa">
		<meta name="description" content="Descargar peliculas, series, documentales, juegos y mucho mas en el foro azul.">






<script async="" src="//cse.google.com/adsense/search/async-ads.js"></script><script type="text/javascript" async="" src="https://cse.google.com/cse.js?cx=44f04a516a5b84434"></script><script type="text/javascript">
<!--
	if (typeof YAHOO === 'undefined') // Load ALL YUI Local
	{
		document.write('<script type="text/javascript" src="clientscript/yui/yuiloader-dom-event/yuiloader-dom-event.js?v=423"><\/script>');
		document.write('<script type="text/javascript" src="clientscript/yui/connection/connection-min.js?v=423"><\/script>');
		var yuipath = 'clientscript/yui';
		var yuicombopath = '';
		var remoteyui = false;
	}
	else	// Load Rest of YUI remotely (where possible)
	{
		var yuipath = 'clientscript/yui';
		var yuicombopath = '';
		var remoteyui = true;
		if (!yuicombopath)
		{
			document.write('<script type="text/javascript" src="clientscript/yui/connection/connection-min.js?v=423"><\/script>');
		}
	}
	var SESSIONURL = "";
	var SECURITYTOKEN = "guest";
	var IMGDIR_MISC = "images/Eloquent/miscblue";
	var IMGDIR_BUTTON = "images/Eloquent/buttonsblue";
	var vb_disable_ajax = parseInt("0", 10);
	var SIMPLEVERSION = "423";
	var BBURL = "https://descargasdd.org";
	var LOGGEDIN = 0 > 0 ? true : false;
	var THIS_SCRIPT = "search";
	var RELPATH = "search.php?do=process";
	var PATHS = {
		forum : "",
		cms   : "",
		blog  : ""
	};
	var AJAXBASEURL = "https://descargasdd.org/";
// -->
</script><script type="text/javascript" src="clientscript/
...<clipped>...
[2026-01-12T01:20:03.411+01:00 Europe/Madrid] [WARN] [UNKNOWN] No results found in forum "DescargasDD" for any variant
[2026-01-12T01:20:03.424+01:00 Europe/Madrid] [INFO] [UNKNOWN] Returning XML response with 1 items (2160 bytes)
[2026-01-12T01:20:03.424+01:00 Europe/Madrid] [INFO] [UNKNOWN] XML preview: <?xml version="1.0" encoding="UTF-8"?>
<rss version="2.0" xmlns:atom="http://www.w3.org/2005/Atom" xmlns:newznab="http://www.newznab.com/DTD/2010/feeds/attributes/" xmlns:torznab="http://torznab.com/schemas/2015/feed">
  <channel>
    <title>Sweaterr</title>
    <description>Direct download indexer</description>
    <link>http://localhost:3000</link>
    <language>es-es</language>
    <webMaster>admin@forumdownloader.local</webMaster>
        <atom:link rel="self" href="http://localhost:3000/api...
[2026-01-12T07:56:12.295+01:00 Europe/Madrid] [INFO] ========================================
[2026-01-12T07:56:12.295+01:00 Europe/Madrid] [INFO] === NEW SEARCH REQUEST ===
[2026-01-12T07:56:12.295+01:00 Europe/Madrid] [INFO] Forum ID: cmk6yg8120002p791prcnowq0, Query: "Breaking Bad S01"
[2026-01-12T07:56:12.295+01:00 Europe/Madrid] [INFO] ========================================
[2026-01-12T07:56:12.295+01:00 Europe/Madrid] [INFO] Fetching forum configuration from database...
[2026-01-12T07:56:12.297+01:00 Europe/Madrid] [INFO] Forum found: DescargasDD
[2026-01-12T07:56:12.297+01:00 Europe/Madrid] [INFO] Search mode: native
[2026-01-12T07:56:12.297+01:00 Europe/Madrid] [INFO] Initializing ForumService...
[2026-01-12T07:56:12.298+01:00 Europe/Madrid] [INFO] Adding forum to service...
[2026-01-12T07:56:12.299+01:00 Europe/Madrid] [INFO] Authenticating for forum: DescargasDD...
[2026-01-12T07:56:12.299+01:00 Europe/Madrid] [INFO] Authentication result: SUCCESS
[2026-01-12T07:56:12.299+01:00 Europe/Madrid] [INFO] Starting forum search for query: "Breaking Bad S01" (page=1, fetchAll=false, searchId=none)
[2026-01-12T07:56:12.551+01:00 Europe/Madrid] [WARN] [DescargasDD] Axios native search attempt failed, will try FlareSolverr fallback {
  "error": "Request failed with status code 403"
}
[2026-01-12T07:56:12.551+01:00 Europe/Madrid] [INFO] [DescargasDD] FlareSolverr fallback cookie/UA injection {
  "storedCookiesCount": 6,
  "storedCookieNames": [
    "bb_password",
    "bb_lastactivity",
    "bb_lastvisit",
    "bb_userid",
    "bb_sessionhash",
    "cf_clearance"
  ],
  "hasUserAgent": true
}
[2026-01-12T07:56:12.552+01:00 Europe/Madrid] [INFO] [DescargasDD] FlareSolverr fallback: passing 6 cookies directly to FlareSolverr API
[2026-01-12T07:56:19.223+01:00 Europe/Madrid] [INFO] [DescargasDD] Using searchForumLabel: Zona Series
[2026-01-12T07:56:19.226+01:00 Europe/Madrid] [INFO] [DescargasDD] Selected forum field forumchoice[]: 43
[2026-01-12T07:56:22.917+01:00 Europe/Madrid] [WARN] [DescargasDD] Could not extract search results URL (searchid) via FlareSolverr
[2026-01-12T07:56:22.918+01:00 Europe/Madrid] [INFO] [DescargasDD] Native search debug (POST/FlareSolverr) {
  "firstPageUrl": "https://descargasdd.org/search.php?search_type=1",
  "action": "https://descargasdd.org/search.php?do=process",
  "processedFinalUrl": "https://descargasdd.org/search.php?do=process",
  "responseLength": 53693,
  "extractedSearchId": null,
  "extractedUrlFromFinal": null,
  "extractedUrlFromBody": null,
  "postDataKeys": [
    "query",
    "titleonly",
    "searchuser",
    "starteronly",
    "tag",
    "dosearch",
    "forumchoice[]",
    "childforums",
    "replyless",
    "replylimit",
    "searchdate",
    "beforeafter",
    "sortby",
    "order",
    "showposts",
    "saveprefs",
    "searchthreadid",
    "s",
    "securitytoken",
    "searchfromtype",
    "do",
    "contenttypeid",
    "keywords",
    "showresults",
    "search_type"
  ],
  "postDataPreview": {
    "query": "Breaking Bad S01",
    "titleonly": "0",
    "searchuser": "",
    "starteronly": "0",
    "tag": "",
    "dosearch": "Buscar ahora",
    "forumchoice[]": "43",
    "childforums": "1",
    "replyless": "0",
    "replylimit": "",
    "searchdate": "0",
    "beforeafter": "after",
    "sortby": "dateline",
    "order": "descending",
    "showposts": "0",
    "saveprefs": "1",
    "searchthreadid": "0",
    "s": "",
    "securitytoken": "<redacted>",
    "searchfromtype": "vBForum:Post",
    "do": "process",
    "contenttypeid": "1",
    "keywords": "Breaking Bad S01",
    "showresults": "threads",
    "search_type": "1"
  }
}
[2026-01-12T07:56:22.918+01:00 Europe/Madrid] [INFO] [DescargasDD] Native search debug HTML snippet (POST/FlareSolverr) <html xmlns="http://www.w3.org/1999/xhtml" dir="ltr" lang="es" id="vbulletin_html" style="--warp-bg-color: #0033FF; --warp-text-color: #ffffff; --warp-btn-color: #2b2b2b;"><head>
	<meta http-equiv="Content-Security-Policy" content="upgrade-insecure-requests">
<meta http-equiv="Content-Type" content="text/html; charset=ISO-8859-1">
<meta id="e_vb_meta_bburl" name="vb_meta_bburl" content="https://descargasdd.org">
<base href="https://descargasdd.org/"><!--[if IE]></base><![endif]-->
<meta name="generator" content="vBulletin 4.2.3">
<meta http-equiv="X-UA-Compatible" content="IE=9">

	<link rel="Shortcut Icon" href="favicon.ico" type="image/x-icon">



		<meta name="keywords" content="descarga,descargas,descargar,juegos,chiste,cine,serie,series,comics,música,libro,dvdrat,dvdfull,dvdrip,dvdscreener,documentales,ebooks,librosvirtuales,audiolibros,software,megaupload,download,películas,gratis,estreno,directa">
		<meta name="description" content="Descargar peliculas, series, documentales, juegos y mucho mas en el foro azul.">






<script async="" src="//cse.google.com/adsense/search/async-ads.js"></script><script type="text/javascript" async="" src="https://cse.google.com/cse.js?cx=44f04a516a5b84434"></script><script type="text/javascript">
<!--
	if (typeof YAHOO === 'undefined') // Load ALL YUI Local
	{
		document.write('<script type="text/javascript" src="clientscript/yui/yuiloader-dom-event/yuiloader-dom-event.js?v=423"><\/script>');
		document.write('<script type="text/javascript" src="clientscript/yui/connection/connection-min.js?v=423"><\/script>');
		var yuipath = 'clientscript/yui';
		var yuicombopath = '';
		var remoteyui = false;
	}
	else	// Load Rest of YUI remotely (where possible)
	{
		var yuipath = 'clientscript/yui';
		var yuicombopath = '';
		var remoteyui = true;
		if (!yuicombopath)
		{
			document.write('<script type="text/javascript" src="clientscript/yui/connection/connection-min.js?v=423"><\/script>');
		}
	}
	var SESSIONURL = "";
	var SECURITYTOKEN = "guest";
	var IMGDIR_MISC = "images/Eloquent/miscblue";
	var IMGDIR_BUTTON = "images/Eloquent/buttonsblue";
	var vb_disable_ajax = parseInt("0", 10);
	var SIMPLEVERSION = "423";
	var BBURL = "https://descargasdd.org";
	var LOGGEDIN = 0 > 0 ? true : false;
	var THIS_SCRIPT = "search";
	var RELPATH = "search.php?do=process";
	var PATHS = {
		forum : "",
		cms   : "",
		blog  : ""
	};
	var AJAXBASEURL = "https://descargasdd.org/";
// -->
</script><script type="text/javascript" src="clientscript/
...<clipped>...
[2026-01-12T07:56:22.918+01:00 Europe/Madrid] [INFO] ========================================
[2026-01-12T07:56:22.919+01:00 Europe/Madrid] [INFO] Search completed. Total results: 0
[2026-01-12T07:56:22.919+01:00 Europe/Madrid] [INFO] ========================================
[2026-01-12T07:56:28.854+01:00 Europe/Madrid] [INFO] ========================================
[2026-01-12T07:56:28.855+01:00 Europe/Madrid] [INFO] === NEW SEARCH REQUEST ===
[2026-01-12T07:56:28.855+01:00 Europe/Madrid] [INFO] Forum ID: cmk6yg8120002p791prcnowq0, Query: "Breaking Bad S01"
[2026-01-12T07:56:28.855+01:00 Europe/Madrid] [INFO] ========================================
[2026-01-12T07:56:28.855+01:00 Europe/Madrid] [INFO] Fetching forum configuration from database...
[2026-01-12T07:56:28.857+01:00 Europe/Madrid] [INFO] Forum found: DescargasDD
[2026-01-12T07:56:28.857+01:00 Europe/Madrid] [INFO] Search mode: native
[2026-01-12T07:56:28.857+01:00 Europe/Madrid] [INFO] Initializing ForumService...
[2026-01-12T07:56:28.858+01:00 Europe/Madrid] [INFO] Adding forum to service...
[2026-01-12T07:56:28.859+01:00 Europe/Madrid] [INFO] Authenticating for forum: DescargasDD...
[2026-01-12T07:56:28.860+01:00 Europe/Madrid] [INFO] Authentication result: SUCCESS
[2026-01-12T07:56:28.860+01:00 Europe/Madrid] [INFO] Starting forum search for query: "Breaking Bad S01" (page=1, fetchAll=false, searchId=none)
[2026-01-12T07:56:28.935+01:00 Europe/Madrid] [WARN] [DescargasDD] Axios native search attempt failed, will try FlareSolverr fallback {
  "error": "Request failed with status code 403"
}
[2026-01-12T07:56:28.936+01:00 Europe/Madrid] [INFO] [DescargasDD] FlareSolverr fallback cookie/UA injection {
  "storedCookiesCount": 6,
  "storedCookieNames": [
    "bb_password",
    "bb_lastactivity",
    "bb_lastvisit",
    "bb_userid",
    "bb_sessionhash",
    "cf_clearance"
  ],
  "hasUserAgent": true
}
[2026-01-12T07:56:28.936+01:00 Europe/Madrid] [INFO] [DescargasDD] FlareSolverr fallback: passing 6 cookies directly to FlareSolverr API
[2026-01-12T07:56:32.720+01:00 Europe/Madrid] [INFO] [DescargasDD] Using searchForumLabel: Zona Series
[2026-01-12T07:56:32.724+01:00 Europe/Madrid] [INFO] [DescargasDD] Selected forum field forumchoice[]: 43
[2026-01-12T07:56:35.675+01:00 Europe/Madrid] [WARN] [DescargasDD] Could not extract search results URL (searchid) via FlareSolverr
[2026-01-12T07:56:35.676+01:00 Europe/Madrid] [INFO] [DescargasDD] Native search debug (POST/FlareSolverr) {
  "firstPageUrl": "https://descargasdd.org/search.php?search_type=1",
  "action": "https://descargasdd.org/search.php?do=process",
  "processedFinalUrl": "https://descargasdd.org/search.php?do=process",
  "responseLength": 53693,
  "extractedSearchId": null,
  "extractedUrlFromFinal": null,
  "extractedUrlFromBody": null,
  "postDataKeys": [
    "query",
    "titleonly",
    "searchuser",
    "starteronly",
    "tag",
    "dosearch",
    "forumchoice[]",
    "childforums",
    "replyless",
    "replylimit",
    "searchdate",
    "beforeafter",
    "sortby",
    "order",
    "showposts",
    "saveprefs",
    "searchthreadid",
    "s",
    "securitytoken",
    "searchfromtype",
    "do",
    "contenttypeid",
    "keywords",
    "showresults",
    "search_type"
  ],
  "postDataPreview": {
    "query": "Breaking Bad S01",
    "titleonly": "0",
    "searchuser": "",
    "starteronly": "0",
    "tag": "",
    "dosearch": "Buscar ahora",
    "forumchoice[]": "43",
    "childforums": "1",
    "replyless": "0",
    "replylimit": "",
    "searchdate": "0",
    "beforeafter": "after",
    "sortby": "dateline",
    "order": "descending",
    "showposts": "0",
    "saveprefs": "1",
    "searchthreadid": "0",
    "s": "",
    "securitytoken": "<redacted>",
    "searchfromtype": "vBForum:Post",
    "do": "process",
    "contenttypeid": "1",
    "keywords": "Breaking Bad S01",
    "showresults": "threads",
    "search_type": "1"
  }
}
[2026-01-12T07:56:35.676+01:00 Europe/Madrid] [INFO] [DescargasDD] Native search debug HTML snippet (POST/FlareSolverr) <html xmlns="http://www.w3.org/1999/xhtml" dir="ltr" lang="es" id="vbulletin_html" style="--warp-bg-color: #0033FF; --warp-text-color: #ffffff; --warp-btn-color: #2b2b2b;"><head>
	<meta http-equiv="Content-Security-Policy" content="upgrade-insecure-requests">
<meta http-equiv="Content-Type" content="text/html; charset=ISO-8859-1">
<meta id="e_vb_meta_bburl" name="vb_meta_bburl" content="https://descargasdd.org">
<base href="https://descargasdd.org/"><!--[if IE]></base><![endif]-->
<meta name="generator" content="vBulletin 4.2.3">
<meta http-equiv="X-UA-Compatible" content="IE=9">

	<link rel="Shortcut Icon" href="favicon.ico" type="image/x-icon">



		<meta name="keywords" content="descarga,descargas,descargar,juegos,chiste,cine,serie,series,comics,música,libro,dvdrat,dvdfull,dvdrip,dvdscreener,documentales,ebooks,librosvirtuales,audiolibros,software,megaupload,download,películas,gratis,estreno,directa">
		<meta name="description" content="Descargar peliculas, series, documentales, juegos y mucho mas en el foro azul.">






<script async="" src="//cse.google.com/adsense/search/async-ads.js"></script><script type="text/javascript" async="" src="https://cse.google.com/cse.js?cx=44f04a516a5b84434"></script><script type="text/javascript">
<!--
	if (typeof YAHOO === 'undefined') // Load ALL YUI Local
	{
		document.write('<script type="text/javascript" src="clientscript/yui/yuiloader-dom-event/yuiloader-dom-event.js?v=423"><\/script>');
		document.write('<script type="text/javascript" src="clientscript/yui/connection/connection-min.js?v=423"><\/script>');
		var yuipath = 'clientscript/yui';
		var yuicombopath = '';
		var remoteyui = false;
	}
	else	// Load Rest of YUI remotely (where possible)
	{
		var yuipath = 'clientscript/yui';
		var yuicombopath = '';
		var remoteyui = true;
		if (!yuicombopath)
		{
			document.write('<script type="text/javascript" src="clientscript/yui/connection/connection-min.js?v=423"><\/script>');
		}
	}
	var SESSIONURL = "";
	var SECURITYTOKEN = "guest";
	var IMGDIR_MISC = "images/Eloquent/miscblue";
	var IMGDIR_BUTTON = "images/Eloquent/buttonsblue";
	var vb_disable_ajax = parseInt("0", 10);
	var SIMPLEVERSION = "423";
	var BBURL = "https://descargasdd.org";
	var LOGGEDIN = 0 > 0 ? true : false;
	var THIS_SCRIPT = "search";
	var RELPATH = "search.php?do=process";
	var PATHS = {
		forum : "",
		cms   : "",
		blog  : ""
	};
	var AJAXBASEURL = "https://descargasdd.org/";
// -->
</script><script type="text/javascript" src="clientscript/
...<clipped>...
[2026-01-12T07:56:35.676+01:00 Europe/Madrid] [INFO] ========================================
[2026-01-12T07:56:35.676+01:00 Europe/Madrid] [INFO] Search completed. Total results: 0
[2026-01-12T07:56:35.676+01:00 Europe/Madrid] [INFO] ========================================
